
                  ----------
             //--:%%%:::::%%#--\\
          //:@:::::::@@@@%%%%%%###\\
       ///@~~~~~~~~~~@@@@@%%%%%%%###\\\
      //@~~~~~~~~~~~@@@@@@@%%%%%%%###*\\
    //@@~~~~~~~~~~~~~~~:::::::%%%%####**\\
   //:~~~~~~~~~~~~@@@@@@@@@@%%%....#....*\\
  ||:~~~~~~~~~~~~~@@@@@@@@@%%%%%....###.**||
  ||:~~~~~~~~~~~~@@@@@@@@@@%%%%%....###*.*||
  |@@@@@~~~~~~~~~@@@@@@@@@%%%%%%%..###...**|
 ||@@@@@~~~~~~~~~~~:::::::%%%%%%%###.......||
 ||%@@@@~~~~~~~~::::::::::%%%%%%####.......||
  |:@@@@@@@@::::::::::::::%%%%%#####.......|
  ||%%@@@@@@:::::::::::::..%%######.**....||
  ||.%%%%@@::::::::::::....%#######.*.....||
   \\.%%%%%%::::::::.......######*.......//
    \\.%%%..................###*........//
      \\#.............................//
       \\\#.........................///
          \\......................//
             \\--************--//
                  ----------

             ~~~~~~~~~|~~~~~~~~~~
             ____________________
            |     P  A  C  T     |
            |  signed & sealed   |
            |____________________|
